CCS PCH C Compiler, Version 5.015, 5967               19-nov-19 12:16

               Filename:   C:\Users\vitto\OneDrive\Documentos\Facul\6Semestre\PID\PID.lst

               ROM used:   4206 bytes (13%)
                           Largest free fragment is 28558
               RAM used:   75 (5%) at main() level
                           99 (6%) worst case
               Stack used: 5 locations (3 in main + 2 for interrupts)
               Stack size: 31

*
0000:  GOTO   0BF6
*
0008:  MOVWF  04
000A:  MOVFF  FD8,05
000E:  MOVFF  FE0,06
0012:  MOVLB  0
0014:  MOVFF  FE9,0C
0018:  MOVFF  FEA,07
001C:  MOVFF  FE1,08
0020:  MOVFF  FE2,09
0024:  MOVFF  FD9,0A
0028:  MOVFF  FDA,0B
002C:  MOVFF  FF3,12
0030:  MOVFF  FF4,13
0034:  MOVFF  FFA,14
0038:  MOVFF  00,0E
003C:  MOVFF  01,0F
0040:  MOVFF  02,10
0044:  MOVFF  03,11
0048:  BTFSS  F9D.0
004A:  GOTO   0054
004E:  BTFSC  F9E.0
0050:  GOTO   00A2
0054:  BTFSS  FF2.4
0056:  GOTO   0060
005A:  BTFSC  FF2.1
005C:  GOTO   00C6
0060:  MOVFF  0E,00
0064:  MOVFF  0F,01
0068:  MOVFF  10,02
006C:  MOVFF  11,03
0070:  MOVFF  0C,FE9
0074:  MOVFF  07,FEA
0078:  BSF    07.7
007A:  MOVFF  08,FE1
007E:  MOVFF  09,FE2
0082:  MOVFF  0A,FD9
0086:  MOVFF  0B,FDA
008A:  MOVFF  12,FF3
008E:  MOVFF  13,FF4
0092:  MOVFF  14,FFA
0096:  MOVF   04,W
0098:  MOVFF  06,FE0
009C:  MOVFF  05,FD8
00A0:  RETFIE 0
....................  
.................... //#include <PID.h> 
.................... #include <18F452.h> 
.................... //////////// Standard Header file for the PIC18F452 device //////////////// 
.................... /////////////////////////////////////////////////////////////////////////// 
.................... ////        (C) Copyright 1996, 2013 Custom Computer Services          //// 
.................... //// This source code may only be used by licensed users of the CCS C  //// 
.................... //// compiler.  This source code may only be distributed to other      //// 
.................... //// licensed users of the CCS C compiler.  No other use, reproduction //// 
.................... //// or distribution is permitted without written permission.          //// 
.................... //// Derivative programs created using this software in object code    //// 
.................... //// form are not restricted in any way.                               //// 
.................... /////////////////////////////////////////////////////////////////////////// 
.................... #device PIC18F452 
*
00EE:  DATA 2D,2D
00F0:  DATA 2D,2D
00F2:  DATA 2D,2D
00F4:  DATA 2D,2D
00F6:  DATA 0A,54
00F8:  DATA 65,6D
00FA:  DATA 70,20
00FC:  DATA 3D,20
00FE:  DATA 25,32
0100:  DATA 75,20
0102:  DATA 47,72
0104:  DATA 61,75
0106:  DATA 73,0A
0108:  DATA 20,45
010A:  DATA 72,72
010C:  DATA 6F,20
010E:  DATA 3D,20
0110:  DATA 25,32
0112:  DATA 66,20
0114:  DATA 0A,50
0116:  DATA 72,6F
0118:  DATA 70,20
011A:  DATA 3D,20
011C:  DATA 25,32
011E:  DATA 66,20
0120:  DATA 0A,49
0122:  DATA 6E,74
0124:  DATA 67,20
0126:  DATA 3D,20
0128:  DATA 25,32
012A:  DATA 66,20
012C:  DATA 0A,50
012E:  DATA 49,44
0130:  DATA 3D,20
0132:  DATA 25,32
0134:  DATA 66,0A
0136:  DATA 74,65
0138:  DATA 6D,70
013A:  DATA 6F,20
013C:  DATA 3D,20
013E:  DATA 25,38
0140:  DATA 66,20
0142:  DATA 0A,20
0144:  DATA 56,61
0146:  DATA 6C,6F
0148:  DATA 72,20
014A:  DATA 3D,20
014C:  DATA 25,32
014E:  DATA 4C,75
0150:  DATA 0A,20
0152:  DATA 2D,2D
0154:  DATA 2D,2D
0156:  DATA 2D,2D
0158:  DATA 2D,2D
015A:  DATA 0A,00
015C:  DATA 49,6E
015E:  DATA 69,63
0160:  DATA 69,61
0162:  DATA 6C,69
0164:  DATA 7A,61
0166:  DATA 6E,64
0168:  DATA 6F,20
016A:  DATA 50,72
016C:  DATA 6F,6A
016E:  DATA 65,74
0170:  DATA 6F,50
0172:  DATA 49,44
0174:  DATA 0A,00
0176:  TBLRD*+
0178:  MOVF   FF5,F
017A:  BZ    0196
017C:  MOVFF  FF6,47
0180:  MOVFF  FF7,48
0184:  MOVF   FF5,W
0186:  BTFSS  F9E.4
0188:  BRA    0186
018A:  MOVWF  FAD
018C:  MOVFF  47,FF6
0190:  MOVFF  48,FF7
0194:  BRA    0176
0196:  GOTO   0C9C (RETURN)
019A:  MOVLW  80
019C:  BTFSC  FD8.1
019E:  XORWF  50,F
01A0:  CLRF   55
01A2:  CLRF   56
01A4:  MOVFF  4C,54
01A8:  MOVF   50,W
01AA:  XORWF  54,F
01AC:  MOVF   4B,W
01AE:  BTFSC  FD8.2
01B0:  BRA    036A
01B2:  MOVWF  53
01B4:  MOVWF  00
01B6:  MOVF   4F,W
01B8:  BTFSC  FD8.2
01BA:  BRA    037C
01BC:  SUBWF  53,F
01BE:  BTFSC  FD8.2
01C0:  BRA    02C4
01C2:  BNC   023E
01C4:  MOVFF  50,59
01C8:  BSF    59.7
01CA:  MOVFF  51,58
01CE:  MOVFF  52,57
01D2:  CLRF   56
01D4:  BCF    FD8.0
01D6:  RRCF   59,F
01D8:  RRCF   58,F
01DA:  RRCF   57,F
01DC:  RRCF   56,F
01DE:  DECFSZ 53,F
01E0:  BRA    01D2
01E2:  BTFSS  54.7
01E4:  BRA    01EC
01E6:  BSF    55.0
01E8:  BRA    03A4
01EA:  BCF    55.0
01EC:  BCF    53.0
01EE:  BSF    55.4
01F0:  CLRF   FEA
01F2:  MOVLW  4E
01F4:  MOVWF  FE9
01F6:  BRA    03CA
01F8:  BCF    55.4
01FA:  BTFSC  54.7
01FC:  BRA    0212
01FE:  BTFSS  53.0
0200:  BRA    0228
0202:  RRCF   59,F
0204:  RRCF   58,F
0206:  RRCF   57,F
0208:  RRCF   56,F
020A:  INCF   00,F
020C:  BTFSC  FD8.2
020E:  BRA    039A
0210:  BRA    0228
0212:  BTFSC  59.7
0214:  BRA    022E
0216:  BCF    FD8.0
0218:  RLCF   56,F
021A:  RLCF   57,F
021C:  RLCF   58,F
021E:  RLCF   59,F
0220:  DECF   00,F
0222:  BTFSC  FD8.2
0224:  BRA    039A
0226:  BRA    0212
0228:  BSF    55.6
022A:  BRA    0302
022C:  BCF    55.6
022E:  MOVFF  4C,54
0232:  BTFSS  4C.7
0234:  BRA    023A
0236:  BSF    59.7
0238:  BRA    038C
023A:  BCF    59.7
023C:  BRA    038C
023E:  MOVFF  4F,53
0242:  MOVFF  4F,00
0246:  MOVF   4B,W
0248:  SUBWF  53,F
024A:  MOVFF  4C,59
024E:  BSF    59.7
0250:  MOVFF  4D,58
0254:  MOVFF  4E,57
0258:  CLRF   56
025A:  BCF    FD8.0
025C:  RRCF   59,F
025E:  RRCF   58,F
0260:  RRCF   57,F
0262:  RRCF   56,F
0264:  DECFSZ 53,F
0266:  BRA    0258
0268:  BTFSS  54.7
026A:  BRA    0272
026C:  BSF    55.1
026E:  BRA    03A4
0270:  BCF    55.1
0272:  BCF    53.0
0274:  BSF    55.5
0276:  CLRF   FEA
0278:  MOVLW  52
027A:  MOVWF  FE9
027C:  BRA    03CA
027E:  BCF    55.5
0280:  BTFSC  54.7
0282:  BRA    0298
0284:  BTFSS  53.0
0286:  BRA    02AE
0288:  RRCF   59,F
028A:  RRCF   58,F
028C:  RRCF   57,F
028E:  RRCF   56,F
0290:  INCF   00,F
0292:  BTFSC  FD8.2
0294:  BRA    039A
0296:  BRA    02AE
0298:  BTFSC  59.7
029A:  BRA    02B4
029C:  BCF    FD8.0
029E:  RLCF   56,F
02A0:  RLCF   57,F
02A2:  RLCF   58,F
02A4:  RLCF   59,F
02A6:  DECF   00,F
02A8:  BTFSC  FD8.2
02AA:  BRA    039A
02AC:  BRA    0298
02AE:  BSF    55.7
02B0:  BRA    0302
02B2:  BCF    55.7
02B4:  MOVFF  50,54
02B8:  BTFSS  50.7
02BA:  BRA    02C0
02BC:  BSF    59.7
02BE:  BRA    038C
02C0:  BCF    59.7
02C2:  BRA    038C
02C4:  MOVFF  50,59
02C8:  BSF    59.7
02CA:  MOVFF  51,58
02CE:  MOVFF  52,57
02D2:  BTFSS  54.7
02D4:  BRA    02DE
02D6:  BCF    59.7
02D8:  BSF    55.2
02DA:  BRA    03A4
02DC:  BCF    55.2
02DE:  CLRF   56
02E0:  BCF    53.0
02E2:  CLRF   FEA
02E4:  MOVLW  4E
02E6:  MOVWF  FE9
02E8:  BRA    03CA
02EA:  BTFSC  54.7
02EC:  BRA    0326
02EE:  MOVFF  4C,54
02F2:  BTFSS  53.0
02F4:  BRA    0302
02F6:  RRCF   59,F
02F8:  RRCF   58,F
02FA:  RRCF   57,F
02FC:  RRCF   56,F
02FE:  INCF   00,F
0300:  BZ    039A
0302:  BTFSS  56.7
0304:  BRA    031C
0306:  INCF   57,F
0308:  BNZ   031C
030A:  INCF   58,F
030C:  BNZ   031C
030E:  INCF   59,F
0310:  BNZ   031C
0312:  RRCF   59,F
0314:  RRCF   58,F
0316:  RRCF   57,F
0318:  INCF   00,F
031A:  BZ    039A
031C:  BTFSC  55.6
031E:  BRA    022C
0320:  BTFSC  55.7
0322:  BRA    02B2
0324:  BRA    035E
0326:  MOVLW  80
0328:  XORWF  59,F
032A:  BTFSS  59.7
032C:  BRA    0336
032E:  BRA    03A4
0330:  MOVFF  50,54
0334:  BRA    034A
0336:  MOVFF  4C,54
033A:  MOVF   59,F
033C:  BNZ   034A
033E:  MOVF   58,F
0340:  BNZ   034A
0342:  MOVF   57,F
0344:  BNZ   034A
0346:  CLRF   00
0348:  BRA    038C
034A:  BTFSC  59.7
034C:  BRA    035E
034E:  BCF    FD8.0
0350:  RLCF   56,F
0352:  RLCF   57,F
0354:  RLCF   58,F
0356:  RLCF   59,F
0358:  DECFSZ 00,F
035A:  BRA    034A
035C:  BRA    039A
035E:  BTFSS  54.7
0360:  BRA    0366
0362:  BSF    59.7
0364:  BRA    038C
0366:  BCF    59.7
0368:  BRA    038C
036A:  MOVFF  4F,00
036E:  MOVFF  50,59
0372:  MOVFF  51,58
0376:  MOVFF  52,57
037A:  BRA    038C
037C:  MOVFF  4B,00
0380:  MOVFF  4C,59
0384:  MOVFF  4D,58
0388:  MOVFF  4E,57
038C:  MOVFF  59,01
0390:  MOVFF  58,02
0394:  MOVFF  57,03
0398:  BRA    0402
039A:  CLRF   00
039C:  CLRF   01
039E:  CLRF   02
03A0:  CLRF   03
03A2:  BRA    0402
03A4:  CLRF   56
03A6:  COMF   57,F
03A8:  COMF   58,F
03AA:  COMF   59,F
03AC:  COMF   56,F
03AE:  INCF   56,F
03B0:  BNZ   03BC
03B2:  INCF   57,F
03B4:  BNZ   03BC
03B6:  INCF   58,F
03B8:  BNZ   03BC
03BA:  INCF   59,F
03BC:  BTFSC  55.0
03BE:  BRA    01EA
03C0:  BTFSC  55.1
03C2:  BRA    0270
03C4:  BTFSC  55.2
03C6:  BRA    02DC
03C8:  BRA    0330
03CA:  MOVF   FEF,W
03CC:  ADDWF  57,F
03CE:  BNC   03DA
03D0:  INCF   58,F
03D2:  BNZ   03DA
03D4:  INCF   59,F
03D6:  BTFSC  FD8.2
03D8:  BSF    53.0
03DA:  MOVF   FED,F
03DC:  MOVF   FEF,W
03DE:  ADDWF  58,F
03E0:  BNC   03E8
03E2:  INCF   59,F
03E4:  BTFSC  FD8.2
03E6:  BSF    53.0
03E8:  MOVF   FED,F
03EA:  MOVF   FEF,W
03EC:  BTFSC  FEF.7
03EE:  BRA    03F2
03F0:  XORLW  80
03F2:  ADDWF  59,F
03F4:  BTFSC  FD8.0
03F6:  BSF    53.0
03F8:  BTFSC  55.4
03FA:  BRA    01F8
03FC:  BTFSC  55.5
03FE:  BRA    027E
0400:  BRA    02EA
0402:  RETURN 0
0404:  MOVLW  8E
0406:  MOVWF  00
0408:  MOVF   47,W
040A:  SUBWF  00,F
040C:  MOVFF  48,02
0410:  MOVFF  49,01
0414:  BSF    02.7
0416:  MOVF   00,F
0418:  BZ    042C
041A:  BCF    FD8.0
041C:  MOVF   02,F
041E:  BNZ   0424
0420:  MOVF   01,F
0422:  BZ    042C
0424:  RRCF   02,F
0426:  RRCF   01,F
0428:  DECFSZ 00,F
042A:  BRA    041A
042C:  BTFSS  48.7
042E:  BRA    043A
0430:  COMF   01,F
0432:  COMF   02,F
0434:  INCF   01,F
0436:  BTFSC  FD8.2
0438:  INCF   02,F
043A:  RETURN 0
043C:  MOVLW  8E
043E:  MOVWF  00
0440:  MOVFF  49,01
0444:  MOVFF  48,02
0448:  CLRF   03
044A:  MOVF   01,F
044C:  BNZ   0460
044E:  MOVFF  02,01
0452:  CLRF   02
0454:  MOVLW  08
0456:  SUBWF  00,F
0458:  MOVF   01,F
045A:  BNZ   0460
045C:  CLRF   00
045E:  BRA    0470
0460:  BCF    FD8.0
0462:  BTFSC  01.7
0464:  BRA    046E
0466:  RLCF   02,F
0468:  RLCF   01,F
046A:  DECF   00,F
046C:  BRA    0460
046E:  BCF    01.7
0470:  RETURN 0
0472:  MOVF   54,W
0474:  BTFSC  FD8.2
0476:  BRA    055A
0478:  MOVWF  00
047A:  MOVF   58,W
047C:  BTFSC  FD8.2
047E:  BRA    055A
0480:  ADDWF  00,F
0482:  BNC   048C
0484:  MOVLW  81
0486:  ADDWF  00,F
0488:  BC    055A
048A:  BRA    0494
048C:  MOVLW  7F
048E:  SUBWF  00,F
0490:  BNC   055A
0492:  BZ    055A
0494:  MOVFF  55,5C
0498:  MOVF   59,W
049A:  XORWF  5C,F
049C:  BSF    55.7
049E:  BSF    59.7
04A0:  MOVF   57,W
04A2:  MULWF  5B
04A4:  MOVFF  FF4,5E
04A8:  MOVF   56,W
04AA:  MULWF  5A
04AC:  MOVFF  FF4,03
04B0:  MOVFF  FF3,5D
04B4:  MULWF  5B
04B6:  MOVF   FF3,W
04B8:  ADDWF  5E,F
04BA:  MOVF   FF4,W
04BC:  ADDWFC 5D,F
04BE:  MOVLW  00
04C0:  ADDWFC 03,F
04C2:  MOVF   57,W
04C4:  MULWF  5A
04C6:  MOVF   FF3,W
04C8:  ADDWF  5E,F
04CA:  MOVF   FF4,W
04CC:  ADDWFC 5D,F
04CE:  MOVLW  00
04D0:  CLRF   02
04D2:  ADDWFC 03,F
04D4:  ADDWFC 02,F
04D6:  MOVF   55,W
04D8:  MULWF  5B
04DA:  MOVF   FF3,W
04DC:  ADDWF  5D,F
04DE:  MOVF   FF4,W
04E0:  ADDWFC 03,F
04E2:  MOVLW  00
04E4:  ADDWFC 02,F
04E6:  MOVF   55,W
04E8:  MULWF  5A
04EA:  MOVF   FF3,W
04EC:  ADDWF  03,F
04EE:  MOVF   FF4,W
04F0:  ADDWFC 02,F
04F2:  MOVLW  00
04F4:  CLRF   01
04F6:  ADDWFC 01,F
04F8:  MOVF   57,W
04FA:  MULWF  59
04FC:  MOVF   FF3,W
04FE:  ADDWF  5D,F
0500:  MOVF   FF4,W
0502:  ADDWFC 03,F
0504:  MOVLW  00
0506:  ADDWFC 02,F
0508:  ADDWFC 01,F
050A:  MOVF   56,W
050C:  MULWF  59
050E:  MOVF   FF3,W
0510:  ADDWF  03,F
0512:  MOVF   FF4,W
0514:  ADDWFC 02,F
0516:  MOVLW  00
0518:  ADDWFC 01,F
051A:  MOVF   55,W
051C:  MULWF  59
051E:  MOVF   FF3,W
0520:  ADDWF  02,F
0522:  MOVF   FF4,W
0524:  ADDWFC 01,F
0526:  INCF   00,F
0528:  BTFSC  01.7
052A:  BRA    0536
052C:  RLCF   5D,F
052E:  RLCF   03,F
0530:  RLCF   02,F
0532:  RLCF   01,F
0534:  DECF   00,F
0536:  MOVLW  00
0538:  BTFSS  5D.7
053A:  BRA    0550
053C:  INCF   03,F
053E:  ADDWFC 02,F
0540:  ADDWFC 01,F
0542:  MOVF   01,W
0544:  BNZ   0550
0546:  MOVF   02,W
0548:  BNZ   0550
054A:  MOVF   03,W
054C:  BNZ   0550
054E:  INCF   00,F
0550:  BTFSC  5C.7
0552:  BSF    01.7
0554:  BTFSS  5C.7
0556:  BCF    01.7
0558:  BRA    0562
055A:  CLRF   00
055C:  CLRF   01
055E:  CLRF   02
0560:  CLRF   03
0562:  RETURN 0
0564:  MOVF   4B,W
0566:  BTFSC  FD8.2
0568:  BRA    06B4
056A:  MOVWF  57
056C:  MOVF   4F,W
056E:  BTFSC  FD8.2
0570:  BRA    06B4
0572:  SUBWF  57,F
0574:  BNC   0580
0576:  MOVLW  7F
0578:  ADDWF  57,F
057A:  BTFSC  FD8.0
057C:  BRA    06B4
057E:  BRA    058C
0580:  MOVLW  81
0582:  SUBWF  57,F
0584:  BTFSS  FD8.0
0586:  BRA    06B4
0588:  BTFSC  FD8.2
058A:  BRA    06B4
058C:  MOVFF  57,00
0590:  CLRF   01
0592:  CLRF   02
0594:  CLRF   03
0596:  CLRF   56
0598:  MOVFF  4C,55
059C:  BSF    55.7
059E:  MOVFF  4D,54
05A2:  MOVFF  4E,53
05A6:  MOVLW  19
05A8:  MOVWF  57
05AA:  MOVF   52,W
05AC:  SUBWF  53,F
05AE:  BC    05CA
05B0:  MOVLW  01
05B2:  SUBWF  54,F
05B4:  BC    05CA
05B6:  SUBWF  55,F
05B8:  BC    05CA
05BA:  SUBWF  56,F
05BC:  BC    05CA
05BE:  INCF   56,F
05C0:  INCF   55,F
05C2:  INCF   54,F
05C4:  MOVF   52,W
05C6:  ADDWF  53,F
05C8:  BRA    061A
05CA:  MOVF   51,W
05CC:  SUBWF  54,F
05CE:  BC    05F4
05D0:  MOVLW  01
05D2:  SUBWF  55,F
05D4:  BC    05F4
05D6:  SUBWF  56,F
05D8:  BC    05F4
05DA:  INCF   56,F
05DC:  INCF   55,F
05DE:  MOVF   51,W
05E0:  ADDWF  54,F
05E2:  MOVF   52,W
05E4:  ADDWF  53,F
05E6:  BNC   061A
05E8:  INCF   54,F
05EA:  BNZ   061A
05EC:  INCF   55,F
05EE:  BNZ   061A
05F0:  INCF   56,F
05F2:  BRA    061A
05F4:  MOVF   50,W
05F6:  IORLW  80
05F8:  SUBWF  55,F
05FA:  BC    0618
05FC:  MOVLW  01
05FE:  SUBWF  56,F
0600:  BC    0618
0602:  INCF   56,F
0604:  MOVF   50,W
0606:  IORLW  80
0608:  ADDWF  55,F
060A:  MOVF   51,W
060C:  ADDWF  54,F
060E:  BNC   05E2
0610:  INCF   55,F
0612:  BNZ   05E2
0614:  INCF   56,F
0616:  BRA    05E2
0618:  BSF    03.0
061A:  DECFSZ 57,F
061C:  BRA    0620
061E:  BRA    0636
0620:  BCF    FD8.0
0622:  RLCF   53,F
0624:  RLCF   54,F
0626:  RLCF   55,F
0628:  RLCF   56,F
062A:  BCF    FD8.0
062C:  RLCF   03,F
062E:  RLCF   02,F
0630:  RLCF   01,F
0632:  RLCF   58,F
0634:  BRA    05AA
0636:  BTFSS  58.0
0638:  BRA    0646
063A:  BCF    FD8.0
063C:  RRCF   01,F
063E:  RRCF   02,F
0640:  RRCF   03,F
0642:  RRCF   58,F
0644:  BRA    064A
0646:  DECF   00,F
0648:  BZ    06B4
064A:  BTFSC  58.7
064C:  BRA    068A
064E:  BCF    FD8.0
0650:  RLCF   53,F
0652:  RLCF   54,F
0654:  RLCF   55,F
0656:  RLCF   56,F
0658:  MOVF   52,W
065A:  SUBWF  53,F
065C:  BC    066C
065E:  MOVLW  01
0660:  SUBWF  54,F
0662:  BC    066C
0664:  SUBWF  55,F
0666:  BC    066C
0668:  SUBWF  56,F
066A:  BNC   06A0
066C:  MOVF   51,W
066E:  SUBWF  54,F
0670:  BC    067C
0672:  MOVLW  01
0674:  SUBWF  55,F
0676:  BC    067C
0678:  SUBWF  56,F
067A:  BNC   06A0
067C:  MOVF   50,W
067E:  IORLW  80
0680:  SUBWF  55,F
0682:  BC    068A
0684:  MOVLW  01
0686:  SUBWF  56,F
0688:  BNC   06A0
068A:  INCF   03,F
068C:  BNZ   06A0
068E:  INCF   02,F
0690:  BNZ   06A0
0692:  INCF   01,F
0694:  BNZ   06A0
0696:  INCF   00,F
0698:  BZ    06B4
069A:  RRCF   01,F
069C:  RRCF   02,F
069E:  RRCF   03,F
06A0:  MOVFF  4C,57
06A4:  MOVF   50,W
06A6:  XORWF  57,F
06A8:  BTFSS  57.7
06AA:  BRA    06B0
06AC:  BSF    01.7
06AE:  BRA    06BC
06B0:  BCF    01.7
06B2:  BRA    06BC
06B4:  CLRF   00
06B6:  CLRF   01
06B8:  CLRF   02
06BA:  CLRF   03
06BC:  RETURN 0
06BE:  MOVFF  48,4F
06C2:  MOVF   4C,W
06C4:  XORWF  4F,F
06C6:  BTFSS  4F.7
06C8:  BRA    06D4
06CA:  BCF    FD8.2
06CC:  BCF    FD8.0
06CE:  BTFSC  48.7
06D0:  BSF    FD8.0
06D2:  BRA    0732
06D4:  MOVFF  48,4F
06D8:  MOVFF  4B,50
06DC:  MOVF   47,W
06DE:  SUBWF  50,F
06E0:  BZ    06EE
06E2:  BTFSS  4F.7
06E4:  BRA    0732
06E6:  MOVF   FD8,W
06E8:  XORLW  01
06EA:  MOVWF  FD8
06EC:  BRA    0732
06EE:  MOVFF  4C,50
06F2:  MOVF   48,W
06F4:  SUBWF  50,F
06F6:  BZ    0704
06F8:  BTFSS  4F.7
06FA:  BRA    0732
06FC:  MOVF   FD8,W
06FE:  XORLW  01
0700:  MOVWF  FD8
0702:  BRA    0732
0704:  MOVFF  4D,50
0708:  MOVF   49,W
070A:  SUBWF  50,F
070C:  BZ    071A
070E:  BTFSS  4F.7
0710:  BRA    0732
0712:  MOVF   FD8,W
0714:  XORLW  01
0716:  MOVWF  FD8
0718:  BRA    0732
071A:  MOVFF  4E,50
071E:  MOVF   4A,W
0720:  SUBWF  50,F
0722:  BZ    0730
0724:  BTFSS  4F.7
0726:  BRA    0732
0728:  MOVF   FD8,W
072A:  XORLW  01
072C:  MOVWF  FD8
072E:  BRA    0732
0730:  BCF    FD8.0
0732:  GOTO   0FD0 (RETURN)
0736:  TBLRD*+
0738:  MOVFF  FF6,48
073C:  MOVFF  FF7,49
0740:  MOVF   FF5,W
0742:  BTFSS  F9E.4
0744:  BRA    0742
0746:  MOVWF  FAD
0748:  MOVFF  48,FF6
074C:  MOVFF  49,FF7
0750:  DECFSZ 47,F
0752:  BRA    0736
0754:  RETURN 0
0756:  MOVF   4A,W
0758:  CLRF   01
075A:  SUBWF  49,W
075C:  BC    0764
075E:  MOVFF  49,00
0762:  BRA    077C
0764:  CLRF   00
0766:  MOVLW  08
0768:  MOVWF  4B
076A:  RLCF   49,F
076C:  RLCF   00,F
076E:  MOVF   4A,W
0770:  SUBWF  00,W
0772:  BTFSC  FD8.0
0774:  MOVWF  00
0776:  RLCF   01,F
0778:  DECFSZ 4B,F
077A:  BRA    076A
077C:  RETURN 0
077E:  MOVF   01,W
0780:  MOVFF  47,49
0784:  MOVLW  64
0786:  MOVWF  4A
0788:  RCALL  0756
078A:  MOVFF  00,47
078E:  MOVF   01,W
0790:  MOVLW  30
0792:  BNZ   07A2
0794:  BTFSS  48.1
0796:  BRA    07B2
0798:  BTFSC  48.3
079A:  BRA    07B2
079C:  BTFSC  48.4
079E:  MOVLW  20
07A0:  BRA    07A8
07A2:  BCF    48.3
07A4:  BCF    48.4
07A6:  BSF    48.0
07A8:  ADDWF  01,F
07AA:  MOVF   01,W
07AC:  BTFSS  F9E.4
07AE:  BRA    07AC
07B0:  MOVWF  FAD
07B2:  MOVFF  47,49
07B6:  MOVLW  0A
07B8:  MOVWF  4A
07BA:  RCALL  0756
07BC:  MOVFF  00,47
07C0:  MOVF   01,W
07C2:  MOVLW  30
07C4:  BNZ   07D2
07C6:  BTFSC  48.3
07C8:  BRA    07DC
07CA:  BTFSS  48.0
07CC:  BRA    07DC
07CE:  BTFSC  48.4
07D0:  MOVLW  20
07D2:  ADDWF  01,F
07D4:  MOVF   01,W
07D6:  BTFSS  F9E.4
07D8:  BRA    07D6
07DA:  MOVWF  FAD
07DC:  MOVLW  30
07DE:  ADDWF  47,F
07E0:  MOVF   47,W
07E2:  BTFSS  F9E.4
07E4:  BRA    07E2
07E6:  MOVWF  FAD
07E8:  GOTO   0AF8 (RETURN)
07EC:  MOVF   54,W
07EE:  SUBLW  B6
07F0:  MOVWF  54
07F2:  CLRF   03
07F4:  MOVFF  55,58
07F8:  BSF    55.7
07FA:  BCF    FD8.0
07FC:  RRCF   55,F
07FE:  RRCF   56,F
0800:  RRCF   57,F
0802:  RRCF   03,F
0804:  RRCF   02,F
0806:  RRCF   01,F
0808:  RRCF   00,F
080A:  DECFSZ 54,F
080C:  BRA    07FA
080E:  BTFSS  58.7
0810:  BRA    0828
0812:  COMF   00,F
0814:  COMF   01,F
0816:  COMF   02,F
0818:  COMF   03,F
081A:  INCF   00,F
081C:  BTFSC  FD8.2
081E:  INCF   01,F
0820:  BTFSC  FD8.2
0822:  INCF   02,F
0824:  BTFSC  FD8.2
0826:  INCF   03,F
0828:  RETURN 0
082A:  BTFSC  FD8.1
082C:  BRA    0834
082E:  CLRF   FEA
0830:  MOVLW  5C
0832:  MOVWF  FE9
0834:  CLRF   00
0836:  CLRF   01
0838:  CLRF   02
083A:  CLRF   03
083C:  CLRF   5C
083E:  CLRF   5D
0840:  CLRF   5E
0842:  CLRF   5F
0844:  MOVF   5B,W
0846:  IORWF  5A,W
0848:  IORWF  59,W
084A:  IORWF  58,W
084C:  BZ    08A6
084E:  MOVLW  20
0850:  MOVWF  60
0852:  BCF    FD8.0
0854:  RLCF   54,F
0856:  RLCF   55,F
0858:  RLCF   56,F
085A:  RLCF   57,F
085C:  RLCF   5C,F
085E:  RLCF   5D,F
0860:  RLCF   5E,F
0862:  RLCF   5F,F
0864:  MOVF   5B,W
0866:  SUBWF  5F,W
0868:  BNZ   087A
086A:  MOVF   5A,W
086C:  SUBWF  5E,W
086E:  BNZ   087A
0870:  MOVF   59,W
0872:  SUBWF  5D,W
0874:  BNZ   087A
0876:  MOVF   58,W
0878:  SUBWF  5C,W
087A:  BNC   089A
087C:  MOVF   58,W
087E:  SUBWF  5C,F
0880:  MOVF   59,W
0882:  BTFSS  FD8.0
0884:  INCFSZ 59,W
0886:  SUBWF  5D,F
0888:  MOVF   5A,W
088A:  BTFSS  FD8.0
088C:  INCFSZ 5A,W
088E:  SUBWF  5E,F
0890:  MOVF   5B,W
0892:  BTFSS  FD8.0
0894:  INCFSZ 5B,W
0896:  SUBWF  5F,F
0898:  BSF    FD8.0
089A:  RLCF   00,F
089C:  RLCF   01,F
089E:  RLCF   02,F
08A0:  RLCF   03,F
08A2:  DECFSZ 60,F
08A4:  BRA    0852
08A6:  MOVFF  5C,FEF
08AA:  MOVFF  5D,FEC
08AE:  MOVFF  5E,FEC
08B2:  MOVFF  5F,FEC
08B6:  RETURN 0
08B8:  MOVF   FE9,W
08BA:  MOVWF  4C
08BC:  MOVF   4B,W
08BE:  MOVWF  4E
08C0:  BZ    08F4
08C2:  MOVFF  4A,57
08C6:  MOVFF  49,56
08CA:  MOVFF  48,55
08CE:  MOVFF  47,54
08D2:  CLRF   5B
08D4:  CLRF   5A
08D6:  MOVLW  20
08D8:  MOVWF  59
08DA:  MOVLW  82
08DC:  MOVWF  58
08DE:  RCALL  0472
08E0:  MOVFF  03,4A
08E4:  MOVFF  02,49
08E8:  MOVFF  01,48
08EC:  MOVFF  00,47
08F0:  DECFSZ 4E,F
08F2:  BRA    08C2
08F4:  MOVFF  4A,57
08F8:  MOVFF  49,56
08FC:  MOVFF  48,55
0900:  MOVFF  47,54
0904:  RCALL  07EC
0906:  MOVFF  03,4A
090A:  MOVFF  02,49
090E:  MOVFF  01,48
0912:  MOVFF  00,47
0916:  BTFSS  4A.7
0918:  BRA    0934
091A:  DECF   4C,F
091C:  BSF    4C.5
091E:  COMF   47,F
0920:  COMF   48,F
0922:  COMF   49,F
0924:  COMF   4A,F
0926:  INCF   47,F
0928:  BTFSC  FD8.2
092A:  INCF   48,F
092C:  BTFSC  FD8.2
092E:  INCF   49,F
0930:  BTFSC  FD8.2
0932:  INCF   4A,F
0934:  MOVLW  3B
0936:  MOVWF  53
0938:  MOVLW  9A
093A:  MOVWF  52
093C:  MOVLW  CA
093E:  MOVWF  51
0940:  CLRF   50
0942:  MOVLW  0A
0944:  MOVWF  4E
0946:  MOVF   4B,W
0948:  BTFSC  FD8.2
094A:  INCF   4C,F
094C:  BSF    FD8.1
094E:  CLRF   FEA
0950:  MOVLW  47
0952:  MOVWF  FE9
0954:  MOVFF  4A,57
0958:  MOVFF  49,56
095C:  MOVFF  48,55
0960:  MOVFF  47,54
0964:  MOVFF  53,5B
0968:  MOVFF  52,5A
096C:  MOVFF  51,59
0970:  MOVFF  50,58
0974:  RCALL  082A
0976:  MOVF   01,W
0978:  MOVF   00,F
097A:  BNZ   099A
097C:  INCF   4B,W
097E:  SUBWF  4E,W
0980:  BZ    099A
0982:  MOVF   4C,W
0984:  BZ    099E
0986:  ANDLW  0F
0988:  SUBWF  4E,W
098A:  BZ    098E
098C:  BC    0A04
098E:  BTFSC  4C.7
0990:  BRA    0A04
0992:  BTFSC  4C.6
0994:  BRA    099E
0996:  MOVLW  20
0998:  BRA    09FA
099A:  MOVLW  20
099C:  ANDWF  4C,F
099E:  BTFSS  4C.5
09A0:  BRA    09BC
09A2:  BCF    4C.5
09A4:  MOVF   4B,W
09A6:  BTFSS  FD8.2
09A8:  DECF   4C,F
09AA:  MOVF   00,W
09AC:  MOVWF  4C
09AE:  MOVLW  2D
09B0:  BTFSS  F9E.4
09B2:  BRA    09B0
09B4:  MOVWF  FAD
09B6:  MOVF   4C,W
09B8:  MOVWF  00
09BA:  CLRF   4C
09BC:  MOVF   4B,W
09BE:  SUBWF  4E,W
09C0:  BNZ   09D8
09C2:  MOVF   00,W
09C4:  MOVWF  4C
09C6:  MOVLW  2E
09C8:  BTFSS  F9E.4
09CA:  BRA    09C8
09CC:  MOVWF  FAD
09CE:  MOVF   4C,W
09D0:  MOVWF  00
09D2:  MOVLW  20
09D4:  ANDWF  4C,F
09D6:  MOVLW  00
09D8:  MOVLW  30
09DA:  BTFSS  4C.5
09DC:  BRA    09FA
09DE:  BCF    4C.5
09E0:  MOVF   4B,W
09E2:  BTFSS  FD8.2
09E4:  DECF   4C,F
09E6:  MOVF   00,W
09E8:  MOVWF  4C
09EA:  MOVLW  2D
09EC:  BTFSS  F9E.4
09EE:  BRA    09EC
09F0:  MOVWF  FAD
09F2:  MOVF   4C,W
09F4:  MOVWF  00
09F6:  CLRF   4C
09F8:  MOVLW  30
09FA:  ADDWF  00,F
09FC:  MOVF   00,W
09FE:  BTFSS  F9E.4
0A00:  BRA    09FE
0A02:  MOVWF  FAD
0A04:  BCF    FD8.1
0A06:  MOVFF  53,57
0A0A:  MOVFF  52,56
0A0E:  MOVFF  51,55
0A12:  MOVFF  50,54
0A16:  CLRF   5B
0A18:  CLRF   5A
0A1A:  CLRF   59
0A1C:  MOVLW  0A
0A1E:  MOVWF  58
0A20:  RCALL  082A
0A22:  MOVFF  03,53
0A26:  MOVFF  02,52
0A2A:  MOVFF  01,51
0A2E:  MOVFF  00,50
0A32:  DECFSZ 4E,F
0A34:  BRA    094C
0A36:  RETURN 0
0A38:  MOVF   FE9,W
0A3A:  MOVWF  4B
0A3C:  MOVLW  3B
0A3E:  MOVWF  52
0A40:  MOVLW  9A
0A42:  MOVWF  51
0A44:  MOVLW  CA
0A46:  MOVWF  50
0A48:  CLRF   4F
0A4A:  MOVLW  0A
0A4C:  MOVWF  4D
0A4E:  BSF    FD8.1
0A50:  CLRF   FEA
0A52:  MOVLW  47
0A54:  MOVWF  FE9
0A56:  MOVFF  4A,57
0A5A:  MOVFF  49,56
0A5E:  MOVFF  48,55
0A62:  MOVFF  47,54
0A66:  MOVFF  52,5B
0A6A:  MOVFF  51,5A
0A6E:  MOVFF  50,59
0A72:  MOVFF  4F,58
0A76:  RCALL  082A
0A78:  MOVF   01,W
0A7A:  MOVF   00,F
0A7C:  BNZ   0A9C
0A7E:  MOVF   4D,W
0A80:  XORLW  01
0A82:  BZ    0A9C
0A84:  MOVF   4B,W
0A86:  BZ    0A9E
0A88:  ANDLW  0F
0A8A:  SUBWF  4D,W
0A8C:  BZ    0A90
0A8E:  BC    0AAA
0A90:  BTFSC  4B.7
0A92:  BRA    0AAA
0A94:  BTFSC  4B.6
0A96:  BRA    0A9E
0A98:  MOVLW  20
0A9A:  BRA    0AA0
0A9C:  CLRF   4B
0A9E:  MOVLW  30
0AA0:  ADDWF  00,F
0AA2:  MOVF   00,W
0AA4:  BTFSS  F9E.4
0AA6:  BRA    0AA4
0AA8:  MOVWF  FAD
0AAA:  BCF    FD8.1
0AAC:  MOVFF  52,57
0AB0:  MOVFF  51,56
0AB4:  MOVFF  50,55
0AB8:  MOVFF  4F,54
0ABC:  CLRF   5B
0ABE:  CLRF   5A
0AC0:  CLRF   59
0AC2:  MOVLW  0A
0AC4:  MOVWF  58
0AC6:  RCALL  082A
0AC8:  MOVFF  03,52
0ACC:  MOVFF  02,51
0AD0:  MOVFF  01,50
0AD4:  MOVFF  00,4F
0AD8:  DECFSZ 4D,F
0ADA:  BRA    0A4E
0ADC:  GOTO   0BE4 (RETURN)
....................  
.................... #list 
....................  
.................... #device ADC=10 
.................... #FUSES NOWDT                    //No Watch Dog Timer 
.................... #FUSES WDT128                   //Watch Dog Timer uses 1:128 Postscale 
.................... #FUSES NOBROWNOUT               //No brownout reset 
.................... #FUSES NOLVP                    //No low voltage prgming, B3(PIC16) or B5(PIC18) used for I/O 
.................... //#FUSES NOXINST                  //Extended set extension and Indexed Addressing mode disabled (Legacy mode) 
.................... #use delay(crystal=20000000) 
*
00AC:  MOVLW  03
00AE:  SUBWF  62,F
00B0:  BNC   00C4
00B2:  CLRF   FEA
00B4:  MOVLW  62
00B6:  MOVWF  FE9
00B8:  MOVF   FEF,W
00BA:  BZ    00C4
00BC:  BRA    00C0
00BE:  BRA    00C0
00C0:  DECFSZ FEF,F
00C2:  BRA    00BE
00C4:  RETURN 0
.................... #use rs232(baud=9600,parity=N,xmit=PIN_C6,rcv=PIN_C7,bits=8,stream=PORT1) 
.................... float t=0; 
....................  
.................... // --- Variáveis Globais --- 
.................... float   error_meas, 
....................          kp = 6, 
....................          ki = 0.015, 
....................          kd = 0.0, 
....................          proportional, 
....................          integral = 0, 
....................          derivative,  
....................          PID, 
....................          ideal = 50; 
....................  
.................... int      timer=0, 
....................          measure, pid_max; 
....................           
.................... int      lastMeasure=0; 
.................... int32 valor = 0; 
.................... int valor_anal;  
.................... //interrupçao de timer 
.................... #int_TIMER1 
.................... void  TIMER1_isr(void)  
.................... { 
....................    timer += 1; 
*
00A2:  MOVLW  01
00A4:  ADDWF  3E,F
.................... } 
....................  
.................... //interrupçao de timer externa  
00A6:  BCF    F9E.0
00A8:  GOTO   0060
.................... #int_EXT 
.................... void  EXT_isr(void)  
.................... { 
....................    //fprintf (PORT1, "ponto zero\n") ; 
....................    output_low (pin_b4) ; 
*
00C6:  BCF    F93.4
00C8:  BCF    F8A.4
....................    //delay_us (4000) ; 
....................    delay_us (valor) ; 
00CA:  MOVFF  43,61
00CE:  INCF   61,F
00D0:  DECF   61,F
00D2:  BTFSC  FD8.2
00D4:  BRA    00DC
00D6:  SETF   62
00D8:  RCALL  00AC
00DA:  BRA    00D0
00DC:  MOVFF  42,62
00E0:  RCALL  00AC
....................    output_high (pin_b4) ; 
00E2:  BCF    F93.4
00E4:  BSF    F8A.4
....................    clear_interrupt (int_EXT) ; 
00E6:  BCF    FF2.1
00E8:  BCF    FF2.1
00EA:  GOTO   0060
.................... } 
....................  
.................... void serial() 
.................... { 
....................    fprintf (PORT1, "--------\nTemp = %2u Graus\n Erro = %2f \nProp = %2f \nIntg = %2f \nPID= %2f\ntempo = %8f \n Valor = %2Lu\n --------\n", measure, error_meas, proportional, integral, PID, t, valor); 
*
0AE0:  MOVLW  EE
0AE2:  MOVWF  FF6
0AE4:  MOVLW  00
0AE6:  MOVWF  FF7
0AE8:  MOVLW  10
0AEA:  MOVWF  47
0AEC:  RCALL  0736
0AEE:  MOVFF  3F,47
0AF2:  MOVLW  11
0AF4:  MOVWF  48
0AF6:  BRA    077E
0AF8:  MOVLW  01
0AFA:  MOVWF  FF6
0AFC:  MOVLW  01
0AFE:  MOVWF  FF7
0B00:  MOVLW  0F
0B02:  MOVWF  47
0B04:  RCALL  0736
0B06:  MOVLW  89
0B08:  MOVWF  FE9
0B0A:  MOVFF  1D,4A
0B0E:  MOVFF  1C,49
0B12:  MOVFF  1B,48
0B16:  MOVFF  1A,47
0B1A:  MOVLW  06
0B1C:  MOVWF  4B
0B1E:  RCALL  08B8
0B20:  MOVLW  13
0B22:  MOVWF  FF6
0B24:  MOVLW  01
0B26:  MOVWF  FF7
0B28:  MOVLW  09
0B2A:  MOVWF  47
0B2C:  RCALL  0736
0B2E:  MOVLW  89
0B30:  MOVWF  FE9
0B32:  MOVFF  2D,4A
0B36:  MOVFF  2C,49
0B3A:  MOVFF  2B,48
0B3E:  MOVFF  2A,47
0B42:  MOVLW  06
0B44:  MOVWF  4B
0B46:  RCALL  08B8
0B48:  MOVLW  1F
0B4A:  MOVWF  FF6
0B4C:  MOVLW  01
0B4E:  MOVWF  FF7
0B50:  MOVLW  09
0B52:  MOVWF  47
0B54:  RCALL  0736
0B56:  MOVLW  89
0B58:  MOVWF  FE9
0B5A:  MOVFF  31,4A
0B5E:  MOVFF  30,49
0B62:  MOVFF  2F,48
0B66:  MOVFF  2E,47
0B6A:  MOVLW  06
0B6C:  MOVWF  4B
0B6E:  RCALL  08B8
0B70:  MOVLW  2B
0B72:  MOVWF  FF6
0B74:  MOVLW  01
0B76:  MOVWF  FF7
0B78:  MOVLW  07
0B7A:  MOVWF  47
0B7C:  RCALL  0736
0B7E:  MOVLW  89
0B80:  MOVWF  FE9
0B82:  MOVFF  39,4A
0B86:  MOVFF  38,49
0B8A:  MOVFF  37,48
0B8E:  MOVFF  36,47
0B92:  MOVLW  06
0B94:  MOVWF  4B
0B96:  RCALL  08B8
0B98:  MOVLW  35
0B9A:  MOVWF  FF6
0B9C:  MOVLW  01
0B9E:  MOVWF  FF7
0BA0:  MOVLW  09
0BA2:  MOVWF  47
0BA4:  RCALL  0736
0BA6:  MOVLW  07
0BA8:  MOVWF  FE9
0BAA:  MOVFF  19,4A
0BAE:  MOVFF  18,49
0BB2:  MOVFF  17,48
0BB6:  MOVFF  16,47
0BBA:  MOVLW  06
0BBC:  MOVWF  4B
0BBE:  RCALL  08B8
0BC0:  MOVLW  41
0BC2:  MOVWF  FF6
0BC4:  MOVLW  01
0BC6:  MOVWF  FF7
0BC8:  MOVLW  0B
0BCA:  MOVWF  47
0BCC:  RCALL  0736
0BCE:  MOVLW  02
0BD0:  MOVWF  FE9
0BD2:  MOVFF  45,4A
0BD6:  MOVFF  44,49
0BDA:  MOVFF  43,48
0BDE:  MOVFF  42,47
0BE2:  BRA    0A38
0BE4:  MOVLW  50
0BE6:  MOVWF  FF6
0BE8:  MOVLW  01
0BEA:  MOVWF  FF7
0BEC:  MOVLW  0B
0BEE:  MOVWF  47
0BF0:  RCALL  0736
0BF2:  GOTO   1004 (RETURN)
....................    // fprintf (PORT1, "Erro = % 2f \n", error_meas); 
....................    //fprintf (PORT1, "Proporcional = % 2f \n", proportional); 
....................    //fprintf (PORT1, "Integrativo = % 2f \n", integral); 
....................    //fprintf (PORT1, "Derivativo = % 2f \n", derivative); 
....................    //fprintf (PORT1, "tempo = % 8f \n", t); 
....................    //fprintf (PORT1, "--------\n") ; 
.................... } 
....................  
.................... void main() 
0BF6:  CLRF   FF8
0BF8:  BCF    FD0.7
0BFA:  BSF    07.7
0BFC:  MOVLW  81
0BFE:  MOVWF  FAF
0C00:  MOVLW  A6
0C02:  MOVWF  FAC
0C04:  MOVLW  90
0C06:  MOVWF  FAB
0C08:  CLRF   19
0C0A:  CLRF   18
0C0C:  CLRF   17
0C0E:  CLRF   16
0C10:  CLRF   21
0C12:  CLRF   20
0C14:  MOVLW  40
0C16:  MOVWF  1F
0C18:  MOVLW  81
0C1A:  MOVWF  1E
0C1C:  MOVLW  8F
0C1E:  MOVWF  25
0C20:  MOVLW  C2
0C22:  MOVWF  24
0C24:  MOVLW  75
0C26:  MOVWF  23
0C28:  MOVLW  78
0C2A:  MOVWF  22
0C2C:  CLRF   29
0C2E:  CLRF   28
0C30:  CLRF   27
0C32:  CLRF   26
0C34:  CLRF   31
0C36:  CLRF   30
0C38:  CLRF   2F
0C3A:  CLRF   2E
0C3C:  CLRF   3D
0C3E:  CLRF   3C
0C40:  MOVLW  48
0C42:  MOVWF  3B
0C44:  MOVLW  84
0C46:  MOVWF  3A
0C48:  CLRF   3E
0C4A:  CLRF   41
0C4C:  CLRF   45
0C4E:  CLRF   44
0C50:  CLRF   43
0C52:  CLRF   42
0C54:  BSF    FC1.0
0C56:  BSF    FC1.1
0C58:  BSF    FC1.2
0C5A:  BCF    FC1.3
.................... { 
....................    setup_adc_ports (AN0) ; 
0C5C:  BCF    FC1.0
0C5E:  BSF    FC1.1
0C60:  BSF    FC1.2
0C62:  BSF    FC1.3
....................    setup_adc (ADC_CLOCK_INTERNAL) ; 
0C64:  BCF    FC1.6
0C66:  BSF    FC2.6
0C68:  BSF    FC2.7
0C6A:  BSF    FC1.7
0C6C:  BSF    FC2.0
....................    set_adc_channel (0) ; 
0C6E:  MOVLW  00
0C70:  MOVWF  01
0C72:  MOVF   FC2,W
0C74:  ANDLW  C7
0C76:  IORWF  01,W
0C78:  MOVWF  FC2
....................    setup_timer_1 (T1_INTERNAL|T1_DIV_BY_8); //104 ms overflow 
0C7A:  MOVLW  B5
0C7C:  MOVWF  FCD
....................    t = 0; 
0C7E:  CLRF   19
0C80:  CLRF   18
0C82:  CLRF   17
0C84:  CLRF   16
....................    enable_interrupts (int_TIMER1) ; 
0C86:  BSF    F9D.0
....................    enable_interrupts (int_EXT) ; 
0C88:  BSF    FF2.4
....................    ext_int_edge (INT_EXT, L_TO_H); 
0C8A:  BSF    FEF.6
....................    enable_interrupts (GLOBAL) ; 
0C8C:  MOVLW  C0
0C8E:  IORWF  FF2,F
....................    fprintf (PORT1, "Inicializando ProjetoPID\n") ; 
0C90:  MOVLW  5C
0C92:  MOVWF  FF6
0C94:  MOVLW  01
0C96:  MOVWF  FF7
0C98:  GOTO   0176
....................    pid_max = ideal - 27; 
0C9C:  BSF    FD8.1
0C9E:  MOVFF  3D,4E
0CA2:  MOVFF  3C,4D
0CA6:  MOVFF  3B,4C
0CAA:  MOVFF  3A,4B
0CAE:  CLRF   52
0CB0:  CLRF   51
0CB2:  MOVLW  58
0CB4:  MOVWF  50
0CB6:  MOVLW  83
0CB8:  MOVWF  4F
0CBA:  CALL   019A
0CBE:  MOVFF  03,4A
0CC2:  MOVFF  02,49
0CC6:  MOVFF  01,48
0CCA:  MOVFF  00,47
0CCE:  CALL   0404
0CD2:  MOVFF  01,40
....................  
....................    while (TRUE) 
....................    { 
....................       if (timer == 15) 
0CD6:  MOVF   3E,W
0CD8:  SUBLW  0F
0CDA:  BTFSS  FD8.2
0CDC:  BRA    106E
....................       { 
....................          valor_anal = read_adc (); // Lê o LM35 
0CDE:  BSF    FC2.2
0CE0:  BTFSC  FC2.2
0CE2:  BRA    0CE0
0CE4:  MOVFF  FC3,46
....................          measure = 5.0 * valor_anal * 100.0 / 1023.0; // Converte em graus celsius 
0CE8:  CLRF   49
0CEA:  MOVFF  46,48
0CEE:  CALL   043C
0CF2:  CLRF   57
0CF4:  CLRF   56
0CF6:  MOVLW  20
0CF8:  MOVWF  55
0CFA:  MOVLW  81
0CFC:  MOVWF  54
0CFE:  MOVFF  03,5B
0D02:  MOVFF  02,5A
0D06:  MOVFF  01,59
0D0A:  MOVFF  00,58
0D0E:  CALL   0472
0D12:  MOVFF  03,4A
0D16:  MOVFF  02,49
0D1A:  MOVFF  01,48
0D1E:  MOVFF  00,47
0D22:  MOVFF  03,57
0D26:  MOVFF  02,56
0D2A:  MOVFF  01,55
0D2E:  MOVFF  00,54
0D32:  CLRF   5B
0D34:  CLRF   5A
0D36:  MOVLW  48
0D38:  MOVWF  59
0D3A:  MOVLW  85
0D3C:  MOVWF  58
0D3E:  CALL   0472
0D42:  MOVFF  03,4A
0D46:  MOVFF  02,49
0D4A:  MOVFF  01,48
0D4E:  MOVFF  00,47
0D52:  MOVFF  03,4E
0D56:  MOVFF  02,4D
0D5A:  MOVFF  01,4C
0D5E:  MOVFF  00,4B
0D62:  CLRF   52
0D64:  MOVLW  C0
0D66:  MOVWF  51
0D68:  MOVLW  7F
0D6A:  MOVWF  50
0D6C:  MOVLW  88
0D6E:  MOVWF  4F
0D70:  CALL   0564
0D74:  MOVFF  03,4A
0D78:  MOVFF  02,49
0D7C:  MOVFF  01,48
0D80:  MOVFF  00,47
0D84:  CALL   0404
0D88:  MOVFF  01,3F
....................          // Envia para a porta serial a Temperatura lida do LM35 
....................          //--------------------------PID-------------------------------// 
....................          error_meas = ideal - measure; 
0D8C:  CLRF   49
0D8E:  MOVFF  3F,48
0D92:  CALL   043C
0D96:  BSF    FD8.1
0D98:  MOVFF  3D,4E
0D9C:  MOVFF  3C,4D
0DA0:  MOVFF  3B,4C
0DA4:  MOVFF  3A,4B
0DA8:  MOVFF  03,52
0DAC:  MOVFF  02,51
0DB0:  MOVFF  01,50
0DB4:  MOVFF  00,4F
0DB8:  CALL   019A
0DBC:  MOVFF  03,1D
0DC0:  MOVFF  02,1C
0DC4:  MOVFF  01,1B
0DC8:  MOVFF  00,1A
....................          proportional = error_meas * kp; 
0DCC:  MOVFF  1D,57
0DD0:  MOVFF  1C,56
0DD4:  MOVFF  1B,55
0DD8:  MOVFF  1A,54
0DDC:  MOVFF  21,5B
0DE0:  MOVFF  20,5A
0DE4:  MOVFF  1F,59
0DE8:  MOVFF  1E,58
0DEC:  CALL   0472
0DF0:  MOVFF  03,2D
0DF4:  MOVFF  02,2C
0DF8:  MOVFF  01,2B
0DFC:  MOVFF  00,2A
....................          integral += error_meas * ki; 
0E00:  MOVFF  1D,57
0E04:  MOVFF  1C,56
0E08:  MOVFF  1B,55
0E0C:  MOVFF  1A,54
0E10:  MOVFF  25,5B
0E14:  MOVFF  24,5A
0E18:  MOVFF  23,59
0E1C:  MOVFF  22,58
0E20:  CALL   0472
0E24:  BCF    FD8.1
0E26:  MOVFF  31,4E
0E2A:  MOVFF  30,4D
0E2E:  MOVFF  2F,4C
0E32:  MOVFF  2E,4B
0E36:  MOVFF  03,52
0E3A:  MOVFF  02,51
0E3E:  MOVFF  01,50
0E42:  MOVFF  00,4F
0E46:  CALL   019A
0E4A:  MOVFF  03,31
0E4E:  MOVFF  02,30
0E52:  MOVFF  01,2F
0E56:  MOVFF  00,2E
....................          derivative = (lastMeasure - measure) * kd; 
0E5A:  MOVF   3F,W
0E5C:  SUBWF  41,W
0E5E:  CLRF   49
0E60:  MOVWF  48
0E62:  CALL   043C
0E66:  MOVFF  03,57
0E6A:  MOVFF  02,56
0E6E:  MOVFF  01,55
0E72:  MOVFF  00,54
0E76:  MOVFF  29,5B
0E7A:  MOVFF  28,5A
0E7E:  MOVFF  27,59
0E82:  MOVFF  26,58
0E86:  CALL   0472
0E8A:  MOVFF  03,35
0E8E:  MOVFF  02,34
0E92:  MOVFF  01,33
0E96:  MOVFF  00,32
....................          lastMeasure = measure; 
0E9A:  MOVFF  3F,41
....................          PID = proportional + integral + derivative; 
0E9E:  BCF    FD8.1
0EA0:  MOVFF  2D,4E
0EA4:  MOVFF  2C,4D
0EA8:  MOVFF  2B,4C
0EAC:  MOVFF  2A,4B
0EB0:  MOVFF  31,52
0EB4:  MOVFF  30,51
0EB8:  MOVFF  2F,50
0EBC:  MOVFF  2E,4F
0EC0:  CALL   019A
0EC4:  MOVFF  03,4A
0EC8:  MOVFF  02,49
0ECC:  MOVFF  01,48
0ED0:  MOVFF  00,47
0ED4:  BCF    FD8.1
0ED6:  MOVFF  03,4E
0EDA:  MOVFF  02,4D
0EDE:  MOVFF  01,4C
0EE2:  MOVFF  00,4B
0EE6:  MOVFF  35,52
0EEA:  MOVFF  34,51
0EEE:  MOVFF  33,50
0EF2:  MOVFF  32,4F
0EF6:  CALL   019A
0EFA:  MOVFF  03,39
0EFE:  MOVFF  02,38
0F02:  MOVFF  01,37
0F06:  MOVFF  00,36
....................          t = (0.0083 + ( ( - 0.0083) * ( (PID) / (100))))  * 1000; 
0F0A:  MOVFF  39,4E
0F0E:  MOVFF  38,4D
0F12:  MOVFF  37,4C
0F16:  MOVFF  36,4B
0F1A:  CLRF   52
0F1C:  CLRF   51
0F1E:  MOVLW  48
0F20:  MOVWF  50
0F22:  MOVLW  85
0F24:  MOVWF  4F
0F26:  CALL   0564
0F2A:  MOVLW  B9
0F2C:  MOVWF  57
0F2E:  MOVLW  FC
0F30:  MOVWF  56
0F32:  MOVLW  87
0F34:  MOVWF  55
0F36:  MOVLW  78
0F38:  MOVWF  54
0F3A:  MOVFF  03,5B
0F3E:  MOVFF  02,5A
0F42:  MOVFF  01,59
0F46:  MOVFF  00,58
0F4A:  CALL   0472
0F4E:  BCF    FD8.1
0F50:  MOVLW  B9
0F52:  MOVWF  4E
0F54:  MOVLW  FC
0F56:  MOVWF  4D
0F58:  MOVLW  07
0F5A:  MOVWF  4C
0F5C:  MOVLW  78
0F5E:  MOVWF  4B
0F60:  MOVFF  03,52
0F64:  MOVFF  02,51
0F68:  MOVFF  01,50
0F6C:  MOVFF  00,4F
0F70:  CALL   019A
0F74:  MOVFF  03,4A
0F78:  MOVFF  02,49
0F7C:  MOVFF  01,48
0F80:  MOVFF  00,47
0F84:  MOVFF  03,57
0F88:  MOVFF  02,56
0F8C:  MOVFF  01,55
0F90:  MOVFF  00,54
0F94:  CLRF   5B
0F96:  CLRF   5A
0F98:  MOVLW  7A
0F9A:  MOVWF  59
0F9C:  MOVLW  88
0F9E:  MOVWF  58
0FA0:  CALL   0472
0FA4:  MOVFF  03,19
0FA8:  MOVFF  02,18
0FAC:  MOVFF  01,17
0FB0:  MOVFF  00,16
....................  
....................          if (t < 0) 
0FB4:  MOVFF  19,4A
0FB8:  MOVFF  18,49
0FBC:  MOVFF  17,48
0FC0:  MOVFF  16,47
0FC4:  CLRF   4E
0FC6:  CLRF   4D
0FC8:  CLRF   4C
0FCA:  CLRF   4B
0FCC:  GOTO   06BE
0FD0:  BNC   1002
....................          { 
....................             t = t * - 1; 
0FD2:  MOVFF  19,57
0FD6:  MOVFF  18,56
0FDA:  MOVFF  17,55
0FDE:  MOVFF  16,54
0FE2:  CLRF   5B
0FE4:  CLRF   5A
0FE6:  MOVLW  80
0FE8:  MOVWF  59
0FEA:  MOVLW  7F
0FEC:  MOVWF  58
0FEE:  CALL   0472
0FF2:  MOVFF  03,19
0FF6:  MOVFF  02,18
0FFA:  MOVFF  01,17
0FFE:  MOVFF  00,16
....................          } 
....................  
....................          Serial () ; 
1002:  BRA    0AE0
....................          valor = t * 1000; 
1004:  MOVFF  19,57
1008:  MOVFF  18,56
100C:  MOVFF  17,55
1010:  MOVFF  16,54
1014:  CLRF   5B
1016:  CLRF   5A
1018:  MOVLW  7A
101A:  MOVWF  59
101C:  MOVLW  88
101E:  MOVWF  58
1020:  CALL   0472
1024:  MOVFF  03,57
1028:  MOVFF  02,56
102C:  MOVFF  01,55
1030:  MOVFF  00,54
1034:  CALL   07EC
1038:  MOVFF  03,45
103C:  MOVFF  02,44
1040:  MOVFF  01,43
1044:  MOVFF  00,42
....................  
....................          if (valor > 8250) 
1048:  MOVF   45,F
104A:  BNZ   1060
104C:  MOVF   44,F
104E:  BNZ   1060
1050:  MOVF   43,W
1052:  SUBLW  1F
1054:  BC    106C
1056:  XORLW  FF
1058:  BNZ   1060
105A:  MOVF   42,W
105C:  SUBLW  3A
105E:  BC    106C
....................          { 
....................             valor = 8250; 
1060:  CLRF   45
1062:  CLRF   44
1064:  MOVLW  20
1066:  MOVWF  43
1068:  MOVLW  3A
106A:  MOVWF  42
....................          } 
....................  
....................          timer = 0; 
106C:  CLRF   3E
....................          //--------------------------PID-------------------------------// 
....................       } 
106E:  BRA    0CD6
....................    } 
.................... } 
....................  
1070:  SLEEP 

Configuration Fuses:
   Word  1: 2200   HS NOOSCSEN
   Word  2: 0E0C   PUT NOBROWNOUT BORV20 NOWDT WDT128
   Word  3: 0100   CCP2C1
   Word  4: 0081   STVREN NOLVP NODEBUG
   Word  5: C00F   NOPROTECT NOCPB NOCPD
   Word  6: E00F   NOWRT NOWRTC NOWRTB NOWRTD
   Word  7: 400F   NOEBTR NOEBTRB
